// Jest Snapshot v1, https://goo.gl/fbAQLP

exports[`Basic Dialog should render with required props when closed 1`] = `null`;
